// Jest Snapshot v1, https://goo.gl/fbAQLP

exports[`VirtualKey Component Render renders correctly 1`] = `
<div
  aria-label="Lettre M"
  aria-roledescription="Touche de clavier virtuel"
  className="VirtualKey "
  onClick={[Function]}
  onMouseOut={[Function]}
  onMouseOver={[Function]}
  role="button"
>
  M
</div>
`;
