// Jest Snapshot v1, https://goo.gl/fbAQLP

exports[`VirtualKeyboard Component Render renders correctly 1`] = `
<div
  className="MuiBox-root MuiBox-root-2"
>
  <div
    aria-label="clavier"
    aria-owns=".VirtualKey"
    className="MuiGrid-root VirtualKeyboard MuiGrid-container"
  >
    <div
      className="MuiGrid-root MuiGrid-item MuiGrid-grid-xs-12"
    >
      <button
        aria-label="disposition"
        className="MuiButtonBase-root MuiButton-root VirtualKeyboard-root-1 MuiButton-contained MuiButton-containedSecondary MuiButton-containedSizeSmall MuiButton-sizeSmall MuiButton-disableElevation MuiButton-fullWidth"
        disabled={false}
        onBlur={[Function]}
        onClick={[Function]}
        onDragLeave={[Function]}
        onFocus={[Function]}
        onKeyDown={[Function]}
        onKeyUp={[Function]}
        onMouseDown={[Function]}
        onMouseLeave={[Function]}
        onMouseUp={[Function]}
        onTouchEnd={[Function]}
        onTouchMove={[Function]}
        onTouchStart={[Function]}
        tabIndex={0}
        type="button"
      >
        <span
          className="MuiButton-label"
        >
          <span
            className="MuiButton-startIcon MuiButton-iconSizeSmall"
          >
            <i
              aria-hidden="true"
              className="la la-keyboard la-lg"
              role="presentation"
            />
          </span>
          Disposition
        </span>
      </button>
    </div>
    <div
      className="MuiGrid-root MuiGrid-container MuiGrid-item MuiGrid-justify-xs-center MuiGrid-grid-xs-12"
    >
      <div
        className="MuiButtonGroup-root MuiButtonGroup-disableElevation MuiButtonGroup-contained"
        role="group"
      >
        <button
          aria-label="A"
          className="MuiButtonBase-root MuiButton-root makeStyles-root-3 MuiButton-contained VirtualKey MuiButtonGroup-grouped MuiButtonGroup-groupedHorizontal MuiButtonGroup-groupedContained MuiButtonGroup-groupedContainedHorizontal MuiButtonGroup-groupedContainedPrimary makeStyles-active-4 makeStyles-active-5 MuiButton-containedPrimary MuiButton-disableElevation"
          disabled={false}
          feedback=""
          onBlur={[Function]}
          onClick={[Function]}
          onDragLeave={[Function]}
          onFocus={[Function]}
          onKeyDown={[Function]}
          onKeyUp={[Function]}
          onMouseDown={[Function]}
          onMouseLeave={[Function]}
          onMouseOut={[Function]}
          onMouseOver={[Function]}
          onMouseUp={[Function]}
          onTouchEnd={[Function]}
          onTouchMove={[Function]}
          onTouchStart={[Function]}
          tabIndex={0}
          type="button"
        >
          <span
            className="MuiButton-label"
          >
            A
          </span>
        </button>
        <button
          aria-label="B"
          className="MuiButtonBase-root MuiButton-root makeStyles-root-3 MuiButton-contained VirtualKey MuiButtonGroup-grouped MuiButtonGroup-groupedHorizontal MuiButtonGroup-groupedContained MuiButtonGroup-groupedContainedHorizontal MuiButtonGroup-groupedContainedPrimary makeStyles-active-4 makeStyles-active-6 MuiButton-containedPrimary MuiButton-disableElevation"
          disabled={false}
          feedback=""
          onBlur={[Function]}
          onClick={[Function]}
          onDragLeave={[Function]}
          onFocus={[Function]}
          onKeyDown={[Function]}
          onKeyUp={[Function]}
          onMouseDown={[Function]}
          onMouseLeave={[Function]}
          onMouseOut={[Function]}
          onMouseOver={[Function]}
          onMouseUp={[Function]}
          onTouchEnd={[Function]}
          onTouchMove={[Function]}
          onTouchStart={[Function]}
          tabIndex={0}
          type="button"
        >
          <span
            className="MuiButton-label"
          >
            B
          </span>
        </button>
        <button
          aria-label="C"
          className="MuiButtonBase-root MuiButton-root makeStyles-root-3 MuiButton-contained VirtualKey MuiButtonGroup-grouped MuiButtonGroup-groupedHorizontal MuiButtonGroup-groupedContained MuiButtonGroup-groupedContainedHorizontal MuiButtonGroup-groupedContainedPrimary makeStyles-active-4 makeStyles-active-7 MuiButton-containedPrimary MuiButton-disableElevation"
          disabled={false}
          feedback=""
          onBlur={[Function]}
          onClick={[Function]}
          onDragLeave={[Function]}
          onFocus={[Function]}
          onKeyDown={[Function]}
          onKeyUp={[Function]}
          onMouseDown={[Function]}
          onMouseLeave={[Function]}
          onMouseOut={[Function]}
          onMouseOver={[Function]}
          onMouseUp={[Function]}
          onTouchEnd={[Function]}
          onTouchMove={[Function]}
          onTouchStart={[Function]}
          tabIndex={0}
          type="button"
        >
          <span
            className="MuiButton-label"
          >
            C
          </span>
        </button>
        <button
          aria-label="D"
          className="MuiButtonBase-root MuiButton-root makeStyles-root-3 MuiButton-contained VirtualKey MuiButtonGroup-grouped MuiButtonGroup-groupedHorizontal MuiButtonGroup-groupedContained MuiButtonGroup-groupedContainedHorizontal MuiButtonGroup-groupedContainedPrimary makeStyles-active-4 makeStyles-active-8 MuiButton-containedPrimary MuiButton-disableElevation"
          disabled={false}
          feedback=""
          onBlur={[Function]}
          onClick={[Function]}
          onDragLeave={[Function]}
          onFocus={[Function]}
          onKeyDown={[Function]}
          onKeyUp={[Function]}
          onMouseDown={[Function]}
          onMouseLeave={[Function]}
          onMouseOut={[Function]}
          onMouseOver={[Function]}
          onMouseUp={[Function]}
          onTouchEnd={[Function]}
          onTouchMove={[Function]}
          onTouchStart={[Function]}
          tabIndex={0}
          type="button"
        >
          <span
            className="MuiButton-label"
          >
            D
          </span>
        </button>
        <button
          aria-label="E"
          className="MuiButtonBase-root MuiButton-root makeStyles-root-3 MuiButton-contained VirtualKey MuiButtonGroup-grouped MuiButtonGroup-groupedHorizontal MuiButtonGroup-groupedContained MuiButtonGroup-groupedContainedHorizontal MuiButtonGroup-groupedContainedPrimary makeStyles-active-4 makeStyles-active-9 MuiButton-containedPrimary MuiButton-disableElevation"
          disabled={false}
          feedback=""
          onBlur={[Function]}
          onClick={[Function]}
          onDragLeave={[Function]}
          onFocus={[Function]}
          onKeyDown={[Function]}
          onKeyUp={[Function]}
          onMouseDown={[Function]}
          onMouseLeave={[Function]}
          onMouseOut={[Function]}
          onMouseOver={[Function]}
          onMouseUp={[Function]}
          onTouchEnd={[Function]}
          onTouchMove={[Function]}
          onTouchStart={[Function]}
          tabIndex={0}
          type="button"
        >
          <span
            className="MuiButton-label"
          >
            E
          </span>
        </button>
        <button
          aria-label="F"
          className="MuiButtonBase-root MuiButton-root makeStyles-root-3 MuiButton-contained VirtualKey MuiButtonGroup-grouped MuiButtonGroup-groupedHorizontal MuiButtonGroup-groupedContained MuiButtonGroup-groupedContainedHorizontal MuiButtonGroup-groupedContainedPrimary makeStyles-active-4 makeStyles-active-10 MuiButton-containedPrimary MuiButton-disableElevation"
          disabled={false}
          feedback=""
          onBlur={[Function]}
          onClick={[Function]}
          onDragLeave={[Function]}
          onFocus={[Function]}
          onKeyDown={[Function]}
          onKeyUp={[Function]}
          onMouseDown={[Function]}
          onMouseLeave={[Function]}
          onMouseOut={[Function]}
          onMouseOver={[Function]}
          onMouseUp={[Function]}
          onTouchEnd={[Function]}
          onTouchMove={[Function]}
          onTouchStart={[Function]}
          tabIndex={0}
          type="button"
        >
          <span
            className="MuiButton-label"
          >
            F
          </span>
        </button>
        <button
          aria-label="G"
          className="MuiButtonBase-root MuiButton-root makeStyles-root-3 MuiButton-contained VirtualKey MuiButtonGroup-grouped MuiButtonGroup-groupedHorizontal MuiButtonGroup-groupedContained MuiButtonGroup-groupedContainedHorizontal MuiButtonGroup-groupedContainedPrimary makeStyles-active-4 makeStyles-active-11 MuiButton-containedPrimary MuiButton-disableElevation"
          disabled={false}
          feedback=""
          onBlur={[Function]}
          onClick={[Function]}
          onDragLeave={[Function]}
          onFocus={[Function]}
          onKeyDown={[Function]}
          onKeyUp={[Function]}
          onMouseDown={[Function]}
          onMouseLeave={[Function]}
          onMouseOut={[Function]}
          onMouseOver={[Function]}
          onMouseUp={[Function]}
          onTouchEnd={[Function]}
          onTouchMove={[Function]}
          onTouchStart={[Function]}
          tabIndex={0}
          type="button"
        >
          <span
            className="MuiButton-label"
          >
            G
          </span>
        </button>
        <button
          aria-label="H"
          className="MuiButtonBase-root MuiButton-root makeStyles-root-3 MuiButton-contained VirtualKey MuiButtonGroup-grouped MuiButtonGroup-groupedHorizontal MuiButtonGroup-groupedContained MuiButtonGroup-groupedContainedHorizontal MuiButtonGroup-groupedContainedPrimary makeStyles-active-4 makeStyles-active-12 MuiButton-containedPrimary MuiButton-disableElevation"
          disabled={false}
          feedback=""
          onBlur={[Function]}
          onClick={[Function]}
          onDragLeave={[Function]}
          onFocus={[Function]}
          onKeyDown={[Function]}
          onKeyUp={[Function]}
          onMouseDown={[Function]}
          onMouseLeave={[Function]}
          onMouseOut={[Function]}
          onMouseOver={[Function]}
          onMouseUp={[Function]}
          onTouchEnd={[Function]}
          onTouchMove={[Function]}
          onTouchStart={[Function]}
          tabIndex={0}
          type="button"
        >
          <span
            className="MuiButton-label"
          >
            H
          </span>
        </button>
        <button
          aria-label="I"
          className="MuiButtonBase-root MuiButton-root makeStyles-root-3 MuiButton-contained VirtualKey MuiButtonGroup-grouped MuiButtonGroup-groupedHorizontal MuiButtonGroup-groupedContained MuiButtonGroup-groupedContainedHorizontal MuiButtonGroup-groupedContainedPrimary makeStyles-active-4 makeStyles-active-13 MuiButton-containedPrimary MuiButton-disableElevation"
          disabled={false}
          feedback=""
          onBlur={[Function]}
          onClick={[Function]}
          onDragLeave={[Function]}
          onFocus={[Function]}
          onKeyDown={[Function]}
          onKeyUp={[Function]}
          onMouseDown={[Function]}
          onMouseLeave={[Function]}
          onMouseOut={[Function]}
          onMouseOver={[Function]}
          onMouseUp={[Function]}
          onTouchEnd={[Function]}
          onTouchMove={[Function]}
          onTouchStart={[Function]}
          tabIndex={0}
          type="button"
        >
          <span
            className="MuiButton-label"
          >
            I
          </span>
        </button>
        <button
          aria-label="J"
          className="MuiButtonBase-root MuiButton-root makeStyles-root-3 MuiButton-contained VirtualKey MuiButtonGroup-grouped MuiButtonGroup-groupedHorizontal MuiButtonGroup-groupedContained MuiButtonGroup-groupedContainedHorizontal MuiButtonGroup-groupedContainedPrimary makeStyles-active-4 makeStyles-active-14 MuiButton-containedPrimary MuiButton-disableElevation"
          disabled={false}
          feedback=""
          onBlur={[Function]}
          onClick={[Function]}
          onDragLeave={[Function]}
          onFocus={[Function]}
          onKeyDown={[Function]}
          onKeyUp={[Function]}
          onMouseDown={[Function]}
          onMouseLeave={[Function]}
          onMouseOut={[Function]}
          onMouseOver={[Function]}
          onMouseUp={[Function]}
          onTouchEnd={[Function]}
          onTouchMove={[Function]}
          onTouchStart={[Function]}
          tabIndex={0}
          type="button"
        >
          <span
            className="MuiButton-label"
          >
            J
          </span>
        </button>
      </div>
    </div>
    <div
      className="MuiGrid-root MuiGrid-container MuiGrid-item MuiGrid-justify-xs-center MuiGrid-grid-xs-12"
    >
      <div
        className="MuiButtonGroup-root MuiButtonGroup-disableElevation MuiButtonGroup-contained"
        role="group"
      >
        <button
          aria-label="K"
          className="MuiButtonBase-root MuiButton-root makeStyles-root-3 MuiButton-contained VirtualKey MuiButtonGroup-grouped MuiButtonGroup-groupedHorizontal MuiButtonGroup-groupedContained MuiButtonGroup-groupedContainedHorizontal MuiButtonGroup-groupedContainedPrimary makeStyles-active-4 makeStyles-active-15 MuiButton-containedPrimary MuiButton-disableElevation"
          disabled={false}
          feedback=""
          onBlur={[Function]}
          onClick={[Function]}
          onDragLeave={[Function]}
          onFocus={[Function]}
          onKeyDown={[Function]}
          onKeyUp={[Function]}
          onMouseDown={[Function]}
          onMouseLeave={[Function]}
          onMouseOut={[Function]}
          onMouseOver={[Function]}
          onMouseUp={[Function]}
          onTouchEnd={[Function]}
          onTouchMove={[Function]}
          onTouchStart={[Function]}
          tabIndex={0}
          type="button"
        >
          <span
            className="MuiButton-label"
          >
            K
          </span>
        </button>
        <button
          aria-label="L"
          className="MuiButtonBase-root MuiButton-root makeStyles-root-3 MuiButton-contained VirtualKey MuiButtonGroup-grouped MuiButtonGroup-groupedHorizontal MuiButtonGroup-groupedContained MuiButtonGroup-groupedContainedHorizontal MuiButtonGroup-groupedContainedPrimary makeStyles-active-4 makeStyles-active-16 MuiButton-containedPrimary MuiButton-disableElevation"
          disabled={false}
          feedback=""
          onBlur={[Function]}
          onClick={[Function]}
          onDragLeave={[Function]}
          onFocus={[Function]}
          onKeyDown={[Function]}
          onKeyUp={[Function]}
          onMouseDown={[Function]}
          onMouseLeave={[Function]}
          onMouseOut={[Function]}
          onMouseOver={[Function]}
          onMouseUp={[Function]}
          onTouchEnd={[Function]}
          onTouchMove={[Function]}
          onTouchStart={[Function]}
          tabIndex={0}
          type="button"
        >
          <span
            className="MuiButton-label"
          >
            L
          </span>
        </button>
        <button
          aria-label="M"
          className="MuiButtonBase-root MuiButton-root makeStyles-root-3 MuiButton-contained VirtualKey MuiButtonGroup-grouped MuiButtonGroup-groupedHorizontal MuiButtonGroup-groupedContained MuiButtonGroup-groupedContainedHorizontal MuiButtonGroup-groupedContainedPrimary makeStyles-active-4 makeStyles-active-17 MuiButton-containedPrimary MuiButton-disableElevation"
          disabled={false}
          feedback=""
          onBlur={[Function]}
          onClick={[Function]}
          onDragLeave={[Function]}
          onFocus={[Function]}
          onKeyDown={[Function]}
          onKeyUp={[Function]}
          onMouseDown={[Function]}
          onMouseLeave={[Function]}
          onMouseOut={[Function]}
          onMouseOver={[Function]}
          onMouseUp={[Function]}
          onTouchEnd={[Function]}
          onTouchMove={[Function]}
          onTouchStart={[Function]}
          tabIndex={0}
          type="button"
        >
          <span
            className="MuiButton-label"
          >
            M
          </span>
        </button>
        <button
          aria-label="N"
          className="MuiButtonBase-root MuiButton-root makeStyles-root-3 MuiButton-contained VirtualKey MuiButtonGroup-grouped MuiButtonGroup-groupedHorizontal MuiButtonGroup-groupedContained MuiButtonGroup-groupedContainedHorizontal MuiButtonGroup-groupedContainedPrimary makeStyles-active-4 makeStyles-active-18 MuiButton-containedPrimary MuiButton-disableElevation"
          disabled={false}
          feedback=""
          onBlur={[Function]}
          onClick={[Function]}
          onDragLeave={[Function]}
          onFocus={[Function]}
          onKeyDown={[Function]}
          onKeyUp={[Function]}
          onMouseDown={[Function]}
          onMouseLeave={[Function]}
          onMouseOut={[Function]}
          onMouseOver={[Function]}
          onMouseUp={[Function]}
          onTouchEnd={[Function]}
          onTouchMove={[Function]}
          onTouchStart={[Function]}
          tabIndex={0}
          type="button"
        >
          <span
            className="MuiButton-label"
          >
            N
          </span>
        </button>
        <button
          aria-label="O"
          className="MuiButtonBase-root MuiButton-root makeStyles-root-3 MuiButton-contained VirtualKey MuiButtonGroup-grouped MuiButtonGroup-groupedHorizontal MuiButtonGroup-groupedContained MuiButtonGroup-groupedContainedHorizontal MuiButtonGroup-groupedContainedPrimary makeStyles-active-4 makeStyles-active-19 MuiButton-containedPrimary MuiButton-disableElevation"
          disabled={false}
          feedback=""
          onBlur={[Function]}
          onClick={[Function]}
          onDragLeave={[Function]}
          onFocus={[Function]}
          onKeyDown={[Function]}
          onKeyUp={[Function]}
          onMouseDown={[Function]}
          onMouseLeave={[Function]}
          onMouseOut={[Function]}
          onMouseOver={[Function]}
          onMouseUp={[Function]}
          onTouchEnd={[Function]}
          onTouchMove={[Function]}
          onTouchStart={[Function]}
          tabIndex={0}
          type="button"
        >
          <span
            className="MuiButton-label"
          >
            O
          </span>
        </button>
        <button
          aria-label="P"
          className="MuiButtonBase-root MuiButton-root makeStyles-root-3 MuiButton-contained VirtualKey MuiButtonGroup-grouped MuiButtonGroup-groupedHorizontal MuiButtonGroup-groupedContained MuiButtonGroup-groupedContainedHorizontal MuiButtonGroup-groupedContainedPrimary makeStyles-active-4 makeStyles-active-20 MuiButton-containedPrimary MuiButton-disableElevation"
          disabled={false}
          feedback=""
          onBlur={[Function]}
          onClick={[Function]}
          onDragLeave={[Function]}
          onFocus={[Function]}
          onKeyDown={[Function]}
          onKeyUp={[Function]}
          onMouseDown={[Function]}
          onMouseLeave={[Function]}
          onMouseOut={[Function]}
          onMouseOver={[Function]}
          onMouseUp={[Function]}
          onTouchEnd={[Function]}
          onTouchMove={[Function]}
          onTouchStart={[Function]}
          tabIndex={0}
          type="button"
        >
          <span
            className="MuiButton-label"
          >
            P
          </span>
        </button>
        <button
          aria-label="Q"
          className="MuiButtonBase-root MuiButton-root makeStyles-root-3 MuiButton-contained VirtualKey MuiButtonGroup-grouped MuiButtonGroup-groupedHorizontal MuiButtonGroup-groupedContained MuiButtonGroup-groupedContainedHorizontal MuiButtonGroup-groupedContainedPrimary makeStyles-active-4 makeStyles-active-21 MuiButton-containedPrimary MuiButton-disableElevation"
          disabled={false}
          feedback=""
          onBlur={[Function]}
          onClick={[Function]}
          onDragLeave={[Function]}
          onFocus={[Function]}
          onKeyDown={[Function]}
          onKeyUp={[Function]}
          onMouseDown={[Function]}
          onMouseLeave={[Function]}
          onMouseOut={[Function]}
          onMouseOver={[Function]}
          onMouseUp={[Function]}
          onTouchEnd={[Function]}
          onTouchMove={[Function]}
          onTouchStart={[Function]}
          tabIndex={0}
          type="button"
        >
          <span
            className="MuiButton-label"
          >
            Q
          </span>
        </button>
        <button
          aria-label="R"
          className="MuiButtonBase-root MuiButton-root makeStyles-root-3 MuiButton-contained VirtualKey MuiButtonGroup-grouped MuiButtonGroup-groupedHorizontal MuiButtonGroup-groupedContained MuiButtonGroup-groupedContainedHorizontal MuiButtonGroup-groupedContainedPrimary makeStyles-active-4 makeStyles-active-22 MuiButton-containedPrimary MuiButton-disableElevation"
          disabled={false}
          feedback=""
          onBlur={[Function]}
          onClick={[Function]}
          onDragLeave={[Function]}
          onFocus={[Function]}
          onKeyDown={[Function]}
          onKeyUp={[Function]}
          onMouseDown={[Function]}
          onMouseLeave={[Function]}
          onMouseOut={[Function]}
          onMouseOver={[Function]}
          onMouseUp={[Function]}
          onTouchEnd={[Function]}
          onTouchMove={[Function]}
          onTouchStart={[Function]}
          tabIndex={0}
          type="button"
        >
          <span
            className="MuiButton-label"
          >
            R
          </span>
        </button>
        <button
          aria-label="S"
          className="MuiButtonBase-root MuiButton-root makeStyles-root-3 MuiButton-contained VirtualKey MuiButtonGroup-grouped MuiButtonGroup-groupedHorizontal MuiButtonGroup-groupedContained MuiButtonGroup-groupedContainedHorizontal MuiButtonGroup-groupedContainedPrimary makeStyles-active-4 makeStyles-active-23 MuiButton-containedPrimary MuiButton-disableElevation"
          disabled={false}
          feedback=""
          onBlur={[Function]}
          onClick={[Function]}
          onDragLeave={[Function]}
          onFocus={[Function]}
          onKeyDown={[Function]}
          onKeyUp={[Function]}
          onMouseDown={[Function]}
          onMouseLeave={[Function]}
          onMouseOut={[Function]}
          onMouseOver={[Function]}
          onMouseUp={[Function]}
          onTouchEnd={[Function]}
          onTouchMove={[Function]}
          onTouchStart={[Function]}
          tabIndex={0}
          type="button"
        >
          <span
            className="MuiButton-label"
          >
            S
          </span>
        </button>
        <button
          aria-label="T"
          className="MuiButtonBase-root MuiButton-root makeStyles-root-3 MuiButton-contained VirtualKey MuiButtonGroup-grouped MuiButtonGroup-groupedHorizontal MuiButtonGroup-groupedContained MuiButtonGroup-groupedContainedHorizontal MuiButtonGroup-groupedContainedPrimary makeStyles-active-4 makeStyles-active-24 MuiButton-containedPrimary MuiButton-disableElevation"
          disabled={false}
          feedback=""
          onBlur={[Function]}
          onClick={[Function]}
          onDragLeave={[Function]}
          onFocus={[Function]}
          onKeyDown={[Function]}
          onKeyUp={[Function]}
          onMouseDown={[Function]}
          onMouseLeave={[Function]}
          onMouseOut={[Function]}
          onMouseOver={[Function]}
          onMouseUp={[Function]}
          onTouchEnd={[Function]}
          onTouchMove={[Function]}
          onTouchStart={[Function]}
          tabIndex={0}
          type="button"
        >
          <span
            className="MuiButton-label"
          >
            T
          </span>
        </button>
      </div>
    </div>
    <div
      className="MuiGrid-root MuiGrid-container MuiGrid-item MuiGrid-justify-xs-center MuiGrid-grid-xs-12"
    >
      <div
        className="MuiButtonGroup-root MuiButtonGroup-disableElevation MuiButtonGroup-contained"
        role="group"
      >
        <button
          aria-label="U"
          className="MuiButtonBase-root MuiButton-root makeStyles-root-3 MuiButton-contained VirtualKey MuiButtonGroup-grouped MuiButtonGroup-groupedHorizontal MuiButtonGroup-groupedContained MuiButtonGroup-groupedContainedHorizontal MuiButtonGroup-groupedContainedPrimary makeStyles-active-4 makeStyles-active-25 MuiButton-containedPrimary MuiButton-disableElevation"
          disabled={false}
          feedback=""
          onBlur={[Function]}
          onClick={[Function]}
          onDragLeave={[Function]}
          onFocus={[Function]}
          onKeyDown={[Function]}
          onKeyUp={[Function]}
          onMouseDown={[Function]}
          onMouseLeave={[Function]}
          onMouseOut={[Function]}
          onMouseOver={[Function]}
          onMouseUp={[Function]}
          onTouchEnd={[Function]}
          onTouchMove={[Function]}
          onTouchStart={[Function]}
          tabIndex={0}
          type="button"
        >
          <span
            className="MuiButton-label"
          >
            U
          </span>
        </button>
        <button
          aria-label="V"
          className="MuiButtonBase-root MuiButton-root makeStyles-root-3 MuiButton-contained VirtualKey MuiButtonGroup-grouped MuiButtonGroup-groupedHorizontal MuiButtonGroup-groupedContained MuiButtonGroup-groupedContainedHorizontal MuiButtonGroup-groupedContainedPrimary makeStyles-active-4 makeStyles-active-26 MuiButton-containedPrimary MuiButton-disableElevation"
          disabled={false}
          feedback=""
          onBlur={[Function]}
          onClick={[Function]}
          onDragLeave={[Function]}
          onFocus={[Function]}
          onKeyDown={[Function]}
          onKeyUp={[Function]}
          onMouseDown={[Function]}
          onMouseLeave={[Function]}
          onMouseOut={[Function]}
          onMouseOver={[Function]}
          onMouseUp={[Function]}
          onTouchEnd={[Function]}
          onTouchMove={[Function]}
          onTouchStart={[Function]}
          tabIndex={0}
          type="button"
        >
          <span
            className="MuiButton-label"
          >
            V
          </span>
        </button>
        <button
          aria-label="W"
          className="MuiButtonBase-root MuiButton-root makeStyles-root-3 MuiButton-contained VirtualKey MuiButtonGroup-grouped MuiButtonGroup-groupedHorizontal MuiButtonGroup-groupedContained MuiButtonGroup-groupedContainedHorizontal MuiButtonGroup-groupedContainedPrimary makeStyles-active-4 makeStyles-active-27 MuiButton-containedPrimary MuiButton-disableElevation"
          disabled={false}
          feedback=""
          onBlur={[Function]}
          onClick={[Function]}
          onDragLeave={[Function]}
          onFocus={[Function]}
          onKeyDown={[Function]}
          onKeyUp={[Function]}
          onMouseDown={[Function]}
          onMouseLeave={[Function]}
          onMouseOut={[Function]}
          onMouseOver={[Function]}
          onMouseUp={[Function]}
          onTouchEnd={[Function]}
          onTouchMove={[Function]}
          onTouchStart={[Function]}
          tabIndex={0}
          type="button"
        >
          <span
            className="MuiButton-label"
          >
            W
          </span>
        </button>
        <button
          aria-label="X"
          className="MuiButtonBase-root MuiButton-root makeStyles-root-3 MuiButton-contained VirtualKey MuiButtonGroup-grouped MuiButtonGroup-groupedHorizontal MuiButtonGroup-groupedContained MuiButtonGroup-groupedContainedHorizontal MuiButtonGroup-groupedContainedPrimary makeStyles-active-4 makeStyles-active-28 MuiButton-containedPrimary MuiButton-disableElevation"
          disabled={false}
          feedback=""
          onBlur={[Function]}
          onClick={[Function]}
          onDragLeave={[Function]}
          onFocus={[Function]}
          onKeyDown={[Function]}
          onKeyUp={[Function]}
          onMouseDown={[Function]}
          onMouseLeave={[Function]}
          onMouseOut={[Function]}
          onMouseOver={[Function]}
          onMouseUp={[Function]}
          onTouchEnd={[Function]}
          onTouchMove={[Function]}
          onTouchStart={[Function]}
          tabIndex={0}
          type="button"
        >
          <span
            className="MuiButton-label"
          >
            X
          </span>
        </button>
        <button
          aria-label="Y"
          className="MuiButtonBase-root MuiButton-root makeStyles-root-3 MuiButton-contained VirtualKey MuiButtonGroup-grouped MuiButtonGroup-groupedHorizontal MuiButtonGroup-groupedContained MuiButtonGroup-groupedContainedHorizontal MuiButtonGroup-groupedContainedPrimary makeStyles-active-4 makeStyles-active-29 MuiButton-containedPrimary MuiButton-disableElevation"
          disabled={false}
          feedback=""
          onBlur={[Function]}
          onClick={[Function]}
          onDragLeave={[Function]}
          onFocus={[Function]}
          onKeyDown={[Function]}
          onKeyUp={[Function]}
          onMouseDown={[Function]}
          onMouseLeave={[Function]}
          onMouseOut={[Function]}
          onMouseOver={[Function]}
          onMouseUp={[Function]}
          onTouchEnd={[Function]}
          onTouchMove={[Function]}
          onTouchStart={[Function]}
          tabIndex={0}
          type="button"
        >
          <span
            className="MuiButton-label"
          >
            Y
          </span>
        </button>
        <button
          aria-label="Z"
          className="MuiButtonBase-root MuiButton-root makeStyles-root-3 MuiButton-contained VirtualKey MuiButtonGroup-grouped MuiButtonGroup-groupedHorizontal MuiButtonGroup-groupedContained MuiButtonGroup-groupedContainedHorizontal MuiButtonGroup-groupedContainedPrimary makeStyles-active-4 makeStyles-active-30 MuiButton-containedPrimary MuiButton-disableElevation"
          disabled={false}
          feedback=""
          onBlur={[Function]}
          onClick={[Function]}
          onDragLeave={[Function]}
          onFocus={[Function]}
          onKeyDown={[Function]}
          onKeyUp={[Function]}
          onMouseDown={[Function]}
          onMouseLeave={[Function]}
          onMouseOut={[Function]}
          onMouseOver={[Function]}
          onMouseUp={[Function]}
          onTouchEnd={[Function]}
          onTouchMove={[Function]}
          onTouchStart={[Function]}
          tabIndex={0}
          type="button"
        >
          <span
            className="MuiButton-label"
          >
            Z
          </span>
        </button>
      </div>
    </div>
  </div>
</div>
`;
